// Jest Snapshot v1, https://goo.gl/fbAQLP

exports[`The tags list renders as expected 1`] = `
<div>
  <code>
    css
  </code>
  <code>
    html
  </code>
  <code>
<<<<<<< HEAD
    typescript
  </code>
  <code>
    coffeescript
=======
    swift
>>>>>>> a56a6c9a9726fdf2c60b1642c3c5bfe46dcbfeeb
  </code>
</div>
`;
